{
    "samples": [
        {
            "contents": "𧻴Q^􌕠\u001d󸰷e\u0000<󽈴.\u0002K𢏒ꆎ<淺.l\u001aK|",
            "tag": "TCustom"
        },
        {
            "contents": "\u001b\u0007\u0014𰧳O\u001e\u000f!r28m\u001b<f􉷝k尦􍭃呕\u0000\u0003\u0016\u0013󹯱{\n&",
            "tag": "TCustom"
        },
        {
            "contents": "Gxo\u001c\u0011J\u001a􊉰􂷷k󱕣􋑵􂂅",
            "tag": "TCustom"
        },
        {
            "contents": "𪡡􆢏dFBx%𪟛󻑍\u001a𰧴l\u0011\t\u001f}GX",
            "tag": "TCustom"
        },
        {
            "contents": "!@u\tQ𘋓",
            "tag": "TCustom"
        }
    ],
    "seed": -1370315818
}