{
    "samples": [
        {
            "tag": "TDouble"
        },
        {
            "tag": "TDouble"
        },
        {
            "tag": "TDouble"
        },
        {
            "tag": "TDouble"
        },
        {
            "tag": "TDouble"
        }
    ],
    "seed": 103646299
}