{
    "samples": [
        {
            "contents": [
                "\"™è•6YÂ∏ÇvùÇì\u0007",
                [
                    "jf28a3h8pcqy",
                    "p8yn7lv7z8qmhpz3zpa9_8w",
                    "rnnj4b2f9w11rnq",
                    "v6l_odhnfh3xg4ykzdv58cy1kag6b"
                ]
            ],
            "tag": "TEnum"
        },
        {
            "contents": [
                "kÍÇ≠Óìú¢ã¢=\u0002yÓÆá",
                [
                    "j",
                    "mitogh_977u_554lorep2snfuiul",
                    "qe7fd3baabpiliz",
                    "u64g9qrhqax2ar_brckf",
                    "wnvfpeocycdsznk_ceg1egh"
                ]
            ],
            "tag": "TEnum"
        },
        {
            "contents": [
                "Êª£At\"\u0019\u0018d1\tÛºÜåEeJ/\rue",
                [
                    "cwy96g3z6yapffs",
                    "divhj6sfz0sdebloftn9bnrt",
                    "f5bqqg3kg_2qzx",
                    "mr83gyjt",
                    "n66zeuk7sbco6ow6gd8icxyy_",
                    "ot0bs0e5reo7",
                    "owgwgxuvwqaa16k0ump7ik9ne_5",
                    "p1wafty13t4",
                    "qlu6nkolyib1svhq7twrd",
                    "wzylx2n_8ns7hl9s",
                    "yzobak22paoll1"
                ]
            ],
            "tag": "TEnum"
        },
        {
            "contents": [
                "/UÔ¢øÙäΩø@#l",
                [
                    "axaq4ad5ewzvt7",
                    "c3p2gu_a6vleram9zy",
                    "cg5819ykmcl",
                    "cxw7otv07t844n3ukqg3b08n2ah",
                    "dybw80vyjxzelvj2eep6ufjnp1fjplk",
                    "e",
                    "f8",
                    "hb2z8nejig1",
                    "hf5anbh",
                    "jl4_qhbtjqh016yw3",
                    "kmnwegly_6sqdm40r37gjilhy",
                    "m31m8guunrub7bro2fw3se",
                    "mvcemwwl40e3octl6j6c4efcuae7mg",
                    "n",
                    "nh9ncalrciy6irjbxa4t",
                    "ohi3d33o9duofw",
                    "pes",
                    "q1ugkq_j2y",
                    "tzqpcq4b3g9u5kw5yxdkfdp3zsg6",
                    "vhug5c906ijvt9123ig525_ifik7nat",
                    "vqolv7z6ms8bfpf",
                    "vrli50zm_",
                    "w09yjdwelzfmpc1yccn_a4wr3l3l7r",
                    "y6rg6icw_ni7"
                ]
            ],
            "tag": "TEnum"
        },
        {
            "contents": [
                "qê®´·ò©B\u001e`3-Ak?",
                [
                    "bj4k6vt11nw2lj2nkyqt",
                    "gg",
                    "hhf6eggqb3uu12fyj1quey9xj2im1c",
                    "huu37",
                    "jv6mjem",
                    "k8bquq6avw7_67chva",
                    "ln6su5lb2eiir",
                    "lx2xkp3l1bvc0y",
                    "m9yoy4dycaxk6zupwiblnfuba",
                    "n3gbv6",
                    "o10hc6",
                    "qnwawnebbrgo5f10j98t2",
                    "qpj7hcgdjoojvr8ji",
                    "sgvghe0l7ad6w3db",
                    "u3b",
                    "ujqlbyv6y5950k6f43m53jqpfbd8_4r",
                    "unn6wtg4iwfgd9_cgbcte",
                    "ut7_3",
                    "wg3",
                    "wswlb9rcfgjkvx12ox",
                    "y93scggx8vz3y1_rqetzqd",
                    "y9epamvez9b465za2c55uaepxt6oq",
                    "ympqltwwp",
                    "ytofxx",
                    "zphnfyr39alwmknnw"
                ]
            ],
            "tag": "TEnum"
        }
    ],
    "seed": -1560980564
}