{
    "samples": [
        {
            "tag": "TInt"
        },
        {
            "tag": "TInt"
        },
        {
            "tag": "TInt"
        },
        {
            "tag": "TInt"
        },
        {
            "tag": "TInt"
        }
    ],
    "seed": -151905013
}