{
    "samples": [
        {
            "tag": "TResolution"
        },
        {
            "tag": "TResolution"
        },
        {
            "tag": "TResolution"
        },
        {
            "tag": "TResolution"
        },
        {
            "tag": "TResolution"
        }
    ],
    "seed": -27689261
}