{
    "samples": [
        {
            "tag": "TText"
        },
        {
            "tag": "TText"
        },
        {
            "tag": "TText"
        },
        {
            "tag": "TText"
        },
        {
            "tag": "TText"
        }
    ],
    "seed": 552880690
}