{
    "samples": [
        {
            "tag": "TTime"
        },
        {
            "tag": "TTime"
        },
        {
            "tag": "TTime"
        },
        {
            "tag": "TTime"
        },
        {
            "tag": "TTime"
        }
    ],
    "seed": 1340613814
}