{
    "samples": [
        {
            "tag": "TTimeDiff"
        },
        {
            "tag": "TTimeDiff"
        },
        {
            "tag": "TTimeDiff"
        },
        {
            "tag": "TTimeDiff"
        },
        {
            "tag": "TTimeDiff"
        }
    ],
    "seed": 501775719
}