{
    "samples": [
        {
            "tag": "TWord16"
        },
        {
            "tag": "TWord16"
        },
        {
            "tag": "TWord16"
        },
        {
            "tag": "TWord16"
        },
        {
            "tag": "TWord16"
        }
    ],
    "seed": -1001614029
}