{
    "samples": [
        {
            "tag": "TWord32"
        },
        {
            "tag": "TWord32"
        },
        {
            "tag": "TWord32"
        },
        {
            "tag": "TWord32"
        },
        {
            "tag": "TWord32"
        }
    ],
    "seed": -789157068
}