{
    "samples": [
        {
            "tag": "TWord64"
        },
        {
            "tag": "TWord64"
        },
        {
            "tag": "TWord64"
        },
        {
            "tag": "TWord64"
        },
        {
            "tag": "TWord64"
        }
    ],
    "seed": 1888633832
}