{
    "samples": [
        "1upiDxs5CAMpd-_hpyigemWa58g5VYN0C7Ul0QR6mIY=",
        "naAUwM8Y-csF9y0GDUNrgHmFbIrwxigKgFRxmSEMliM=",
        "T6d9VF5PzEt_iaYtP5XSl_IcWdguHx9ukQkn_kXRwSg=",
        "o2XxM3MhAE70sQZoKVa-RvhkrBZXVqrUXDh8Lk2Q56g=",
        "0HUrYK2xSMoLO00lkYdOLavTRjc-cxwnRj1ltEnMI0w="
    ],
    "seed": -677417054
}