{
    "samples": [
        {
            "author": "o00005b860000000000bf44de",
            "description": "\u000f\u0018\u0012<\u0018cÚâ∫àÚêª®-ÛàñÅ",
            "group": "o0000014200000000009596c9",
            "name": "]Òç•ÇrÛ°ÇØI°∑ïNo∞µ´q\u000f\tÚüªÅv",
            "obj": -6,
            "pred": {
                "contents": "5ih-nxxenNZGUinfdl14aRBlYJvE4HALNC_MwYKshTM=",
                "tag": "CompatibleWithPred"
            },
            "timestamp": -13156498,
            "visibility": "VCObjectPublic"
        },
        {
            "author": "o000073ce0000000000dbc2ea",
            "description": "NÒñ™∞\u000b@5\u0008=\u0011Ò¶á∑P\u001bÛüæå06",
            "group": "o00001134000000000044f712",
            "name": ".(ÙÜÄøêªîlMx+∞àûÛÅíáp",
            "obj": -2,
            "pred": {
                "contents": "-qaLzxy3ykEmlL8Rmov3kQ7b6B0UGexf4Tm9th0oLLU=",
                "tag": "CompatibleWithPred"
            },
            "timestamp": -2376718,
            "visibility": "VCObjectPublic"
        },
        {
            "author": "o00007f960000000000c4b5fc",
            "description": "Û±ñél\u0018Û¥î†f4eÚê§§I_>\u000c3",
            "group": "o000016090000000000284f40",
            "name": "\u0011´à∏HÚòæèWÒóÅ©ÒïÆüµÄ∂-Úñ£∂9DÚ®®ão|\u001a0Ò¨ºôiü´π_.\u001aÔ±ö=Ú≤ÉçÒßçÄ\u000bÛ∏ñúÛââÖ",
            "obj": 1,
            "pred": {
                "tag": "Init"
            },
            "timestamp": 4787500,
            "visibility": "VCObjectPublic"
        },
        {
            "author": "o00005fa20000000000c61725",
            "description": "g_\u0015YÚéï¶XÚ∞É§~]Û∫ôãXÛ∑®°<",
            "group": "o000068e200000000008989ca",
            "name": "]Ub¢∑èÚ•µµ\u001aak;)Òë£πÙÖ∞åÚå™≥",
            "obj": 3,
            "pred": {
                "contents": "CV0a0vVBkbFmpsDlrz28LKBdsn0G82hwtCt303mFtZo=",
                "tag": "MarkedBreakingWithPred"
            },
            "timestamp": -13542723,
            "visibility": "VCObjectPrivate"
        },
        {
            "author": "o0000184d0000000000de82a9",
            "description": "\u001fÚãÇò\u000eÒΩâëPÚÖÖßsYÛúä≠9>",
            "group": "o0000399800000000000d735f",
            "name": "._Òéã¶ 3úäÜÒ´õß\u0016Ûûé¨yF+?:\u001cS\u0016\t\u0017ÚûúΩß∏õ|\u001b\u00128\u0002cc",
            "obj": 26,
            "pred": {
                "contents": [
                    "mh90LeT2FnG9wlz2Yynuig1i04DjltZr9Uv-I9DRDl4=",
                    [
                        [
                            {
                                "contents": "o_cy9d",
                                "tag": "EnumNamespace"
                            },
                            "TypeSignatureChange"
                        ],
                        [
                            {
                                "contents": "j6q5vf9l8b56b4i",
                                "tag": "FunNamespace"
                            },
                            "EnumConstructorsChanged"
                        ],
                        [
                            {
                                "contents": "h24_d5134thk1",
                                "tag": "ModuleNamespace"
                            },
                            "EnumConstructorsChanged"
                        ],
                        [
                            {
                                "contents": "j607ksafp4c9_d2fyyg",
                                "tag": "TypeNamespace"
                            },
                            "TypeSignatureChange"
                        ],
                        [
                            {
                                "contents": "vs3r9in64d4tkwruhvdoiooyyx",
                                "tag": "FunNamespace"
                            },
                            "TypeSignatureChange"
                        ],
                        [
                            {
                                "contents": "b03lzybeuf8wh1xjr873qj6wv__2fs",
                                "tag": "TypeNamespace"
                            },
                            "TypeSignatureChange"
                        ],
                        [
                            {
                                "contents": "shv1t0920rvwyt37_f3sg9fzee",
                                "tag": "FunNamespace"
                            },
                            "EnumConstructorsChanged"
                        ],
                        [
                            {
                                "contents": "wmfeatfkc5pela1mn_of7g_",
                                "tag": "EnumNamespace"
                            },
                            "TypeSignatureChange"
                        ],
                        [
                            {
                                "contents": "s20b4tpuz8nzj3qok18brhavw4kgnnz",
                                "tag": "EnumNamespace"
                            },
                            "EnumConstructorsChanged"
                        ],
                        [
                            {
                                "contents": "i2zsu",
                                "tag": "FunNamespace"
                            },
                            "EnumConstructorsChanged"
                        ],
                        [
                            {
                                "contents": "gtu962ge9wd_lz32ttr",
                                "tag": "EnumNamespace"
                            },
                            "TypeSignatureChange"
                        ],
                        [
                            {
                                "contents": "z",
                                "tag": "TypeNamespace"
                            },
                            "EnumConstructorsChanged"
                        ],
                        [
                            {
                                "contents": "soprc0gz14cnc",
                                "tag": "EnumNamespace"
                            },
                            "EnumConstructorsChanged"
                        ],
                        [
                            {
                                "contents": "kv1h",
                                "tag": "FunNamespace"
                            },
                            "EnumConstructorsChanged"
                        ],
                        [
                            {
                                "contents": "ync",
                                "tag": "ModuleNamespace"
                            },
                            "EnumConstructorsChanged"
                        ],
                        [
                            {
                                "contents": "qokfiml7vha4xy2n85_tq2a0",
                                "tag": "FunNamespace"
                            },
                            "EnumConstructorsChanged"
                        ],
                        [
                            {
                                "contents": "uqge3",
                                "tag": "TypeNamespace"
                            },
                            "TypeSignatureChange"
                        ],
                        [
                            {
                                "contents": "kxvo5bdj0r",
                                "tag": "TypeNamespace"
                            },
                            "EnumConstructorsChanged"
                        ],
                        [
                            {
                                "contents": "r_o3a9gheu0l8fdbyfs1uu1bisqgsf",
                                "tag": "FunNamespace"
                            },
                            "EnumConstructorsChanged"
                        ],
                        [
                            {
                                "contents": "vgee4vkcadaywx0",
                                "tag": "ModuleNamespace"
                            },
                            "TypeSignatureChange"
                        ],
                        [
                            {
                                "contents": "ls743vtmtq2zuddpnpvz2jfs2",
                                "tag": "EnumNamespace"
                            },
                            "EnumConstructorsChanged"
                        ],
                        [
                            {
                                "contents": "cbrfd8if_ksc06mbt2xwxxvby",
                                "tag": "ModuleNamespace"
                            },
                            "EnumConstructorsChanged"
                        ],
                        [
                            {
                                "contents": "rx8jjaodrrmx5xal7",
                                "tag": "EnumNamespace"
                            },
                            "TypeSignatureChange"
                        ],
                        [
                            {
                                "contents": "ki138rdoq5qzk5qxhwuu7ny6",
                                "tag": "EnumNamespace"
                            },
                            "EnumConstructorsChanged"
                        ],
                        [
                            {
                                "contents": "zz4r6zfw9f0phah0sbc7",
                                "tag": "EnumNamespace"
                            },
                            "TypeSignatureChange"
                        ],
                        [
                            {
                                "contents": "k",
                                "tag": "EnumNamespace"
                            },
                            "TypeSignatureChange"
                        ],
                        [
                            {
                                "contents": "vp9xp7ycdg6q56t0paliox1k9mju3x7",
                                "tag": "FunNamespace"
                            },
                            "TypeSignatureChange"
                        ],
                        [
                            {
                                "contents": "f5dafbchf04kxesf7i4gfcu",
                                "tag": "FunNamespace"
                            },
                            "TypeSignatureChange"
                        ],
                        [
                            {
                                "contents": "c1jcbhwlz4nr_i",
                                "tag": "EnumNamespace"
                            },
                            "TypeSignatureChange"
                        ]
                    ]
                ],
                "tag": "IncompatibleWithPred"
            },
            "timestamp": -8220550,
            "visibility": "VCObjectPublic"
        }
    ],
    "seed": 371110647
}