{
    "samples": [
        {
            "contents": "s34br685vhoHJs4kttBR-C40nziLEkBunV7uWJkftyY=",
            "tag": "CloneOf"
        },
        {
            "contents": "JofdaHxidc0BKziEhX0qq-h8mOuqLkzDjpcf-nS_Zo8=",
            "tag": "CloneOf"
        },
        {
            "contents": "gB-CBIG6z29zQEDN2JcZ4oX9Bm3JR14YwLoVa4F_GW8=",
            "tag": "CloneOf"
        },
        {
            "contents": "1fHMJBE1vcYGBcIxnTx2u4tvVpjx2HeveXtPiFRmMrc=",
            "tag": "CloneOf"
        },
        {
            "contents": "48E1rdY8-1A6vcLoNyAWKTJxnVZSriK2txqsyKv7gUg=",
            "tag": "CloneOf"
        }
    ],
    "seed": 1859596574
}