{
    "samples": [
        {
            "contents": "aCS-Garev312YdIs61VAQ-ALlJ_Og9ljIYtkS0sZYVE=",
            "tag": "CloneOfNotFound"
        },
        {
            "contents": "oxHUk3Z5EdR001Sn0e6ifXkoHCg3N70uJ7qg7uIyf74=",
            "tag": "CloneOfNotFound"
        },
        {
            "contents": "doNqxG025ordBykajADiHsjoNSVetM0-WgFqb4uTr9M=",
            "tag": "CloneOfNotFound"
        },
        {
            "contents": "oRevivN49ZpzWlVQrs_K64drKuxKx9UWDkYq56rUz1Y=",
            "tag": "CloneOfNotFound"
        },
        {
            "contents": "FWF6C9nAQSjIuxGiIoOE9sTM-CHlTu4Ad5JkR7isyRc=",
            "tag": "CloneOfNotFound"
        }
    ],
    "seed": 1699400777
}