{
    "samples": [
        {
            "contents": "s2oR5WdNd9TrmKFit5o6QOht3OUlnWoIXiiReSU3oY4=",
            "tag": "CloneOfRemoved"
        },
        {
            "contents": "OsWejZHowZOmvQEJWH-bbTtOEPdbfltnWWNi_JN-6kM=",
            "tag": "CloneOfRemoved"
        },
        {
            "contents": "GqLlmgZQSfsPL-LcEFXnOXWUzGo5oxteRg2oj6KtKtg=",
            "tag": "CloneOfRemoved"
        },
        {
            "contents": "8wehkuqUSFLeG-RAoUYt1O9Ch-Hu-PRkX9ZaOH1c5Mc=",
            "tag": "CloneOfRemoved"
        },
        {
            "contents": "nGMMv1helZ_OpwdQ0owmgR7HrzdOdABTNzxURH4VSDg=",
            "tag": "CloneOfRemoved"
        }
    ],
    "seed": 1791195795
}