{
    "samples": [
        {
            "contents": "DSjxrEzE5kfoapYbkMn05oVViIcvRfRNRR3_7b3X7fA=",
            "tag": "CompatibleWithPred"
        },
        {
            "contents": "loTwS9MueNObuFnW6wqG_xnfHPu4mX980JjnVS-WfIE=",
            "tag": "CompatibleWithPred"
        },
        {
            "contents": "3-_bVVkxe45LW2hch0b5NdWKPvdjB28SYejL2zsfeQ0=",
            "tag": "CompatibleWithPred"
        },
        {
            "contents": "WnfCNtHkLEj0awuVSqRQC-2j7SO-KMc9Yj6XmqtOfSE=",
            "tag": "CompatibleWithPred"
        },
        {
            "contents": "OSGo3UUzl3VWcQbTsRZBwyLcF233vUcGM3iY0NmI0Bw=",
            "tag": "CompatibleWithPred"
        }
    ],
    "seed": 478349600
}