{
    "samples": [
        {
            "tag": "Init"
        },
        {
            "tag": "Init"
        },
        {
            "tag": "Init"
        },
        {
            "tag": "Init"
        },
        {
            "tag": "Init"
        }
    ],
    "seed": -1468380834
}