{
    "samples": [
        {
            "contents": "4mIlWMARkwX5B4Sq5tVgVs25Xj2pHxD37FHQE2OZLn0=",
            "tag": "MarkedBreakingWithPred"
        },
        {
            "contents": "47DEQpj8HBSa-_TImW-5JCeuQeRkm5NMpJWZG3hSuFU=",
            "tag": "MarkedBreakingWithPred"
        },
        {
            "contents": "jxxf5L2lkhUm8tMIpPEnNYmLWDoySqf-C1w-6Rw4N-8=",
            "tag": "MarkedBreakingWithPred"
        },
        {
            "contents": "PtH4e-Ce-LgsilINyXy4H_VVT3aiSzfVPsSfNXNRKuc=",
            "tag": "MarkedBreakingWithPred"
        },
        {
            "contents": "cqGY2fglnC8bXaF0qgsPz_QvqgvLIfZF04lMBHyr-mc=",
            "tag": "MarkedBreakingWithPred"
        }
    ],
    "seed": -2026070
}