{
    "samples": [
        29,
        18,
        19,
        4,
        20
    ],
    "seed": -1525328890
}