{
    "samples": [
        "EnumConstructorsChanged",
        "EnumConstructorsChanged",
        "EnumConstructorsChanged",
        "EnumConstructorsChanged",
        "EnumConstructorsChanged"
    ],
    "seed": -1065983812
}