{
    "samples": [
        "TypeSignatureChange",
        "TypeSignatureChange",
        "TypeSignatureChange",
        "TypeSignatureChange",
        "TypeSignatureChange"
    ],
    "seed": -1692064031
}