{
    "samples": [
        {
            "contents": {
                "contents": {
                    "tag": "TDouble"
                },
                "tag": "TBase"
            },
            "tag": "TArray"
        },
        {
            "contents": {
                "contents": -13,
                "tag": "TVar"
            },
            "tag": "TArray"
        },
        {
            "contents": {
                "contents": -10,
                "tag": "TVar"
            },
            "tag": "TArray"
        },
        {
            "contents": {
                "contents": {
                    "tag": "TInt"
                },
                "tag": "TBase"
            },
            "tag": "TArray"
        },
        {
            "contents": {
                "contents": {
                    "tag": "TInt"
                },
                "tag": "TBase"
            },
            "tag": "TArray"
        }
    ],
    "seed": -159364282
}