{
    "samples": [
        {
            "contents": {
                "tag": "TTime"
            },
            "tag": "TBase"
        },
        {
            "contents": {
                "tag": "TTime"
            },
            "tag": "TBase"
        },
        {
            "contents": {
                "tag": "TWord32"
            },
            "tag": "TBase"
        },
        {
            "contents": {
                "tag": "TWord64"
            },
            "tag": "TBase"
        },
        {
            "contents": {
                "tag": "TTimeDiff"
            },
            "tag": "TBase"
        }
    ],
    "seed": 977430778
}