{
    "samples": [
        {
            "contents": {
                "contents": 25,
                "tag": "TVar"
            },
            "tag": "TRep"
        },
        {
            "contents": {
                "contents": {
                    "contents": 0,
                    "tag": "TVar"
                },
                "tag": "TSeries"
            },
            "tag": "TRep"
        },
        {
            "contents": {
                "contents": {
                    "tag": "TNil"
                },
                "tag": "TTuple"
            },
            "tag": "TRep"
        },
        {
            "contents": {
                "contents": -23,
                "tag": "TVar"
            },
            "tag": "TRep"
        },
        {
            "contents": {
                "contents": {
                    "tag": "TWord16"
                },
                "tag": "TBase"
            },
            "tag": "TRep"
        }
    ],
    "seed": 1754037855
}