{
    "samples": [
        {
            "contents": {
                "contents": {
                    "tag": "TTime"
                },
                "tag": "TBase"
            },
            "tag": "TSeries"
        },
        {
            "contents": {
                "contents": -2,
                "tag": "TVar"
            },
            "tag": "TSeries"
        },
        {
            "contents": {
                "contents": -4,
                "tag": "TVar"
            },
            "tag": "TSeries"
        },
        {
            "contents": {
                "contents": {
                    "tag": "TTime"
                },
                "tag": "TBase"
            },
            "tag": "TSeries"
        },
        {
            "contents": {
                "contents": {
                    "tag": "TNil"
                },
                "tag": "TTuple"
            },
            "tag": "TSeries"
        }
    ],
    "seed": -673534758
}