{
    "samples": [
        {
            "contents": -28,
            "tag": "TVar"
        },
        {
            "contents": -18,
            "tag": "TVar"
        },
        {
            "contents": 22,
            "tag": "TVar"
        },
        {
            "contents": -4,
            "tag": "TVar"
        },
        {
            "contents": -9,
            "tag": "TVar"
        }
    ],
    "seed": 1458141516
}