{
    "samples": [
        {
            "contents": [
                "x2u9kzde3cbfiuag14_yqydu7jgc45e",
                [
                    "a83hhk",
                    "b49gz",
                    "bh_gmhs9z9pf56jzoor8g",
                    "fj5aacp0emyci7r",
                    "hbeb1k6lh_glylniknzj5i",
                    "j2io8",
                    "jprifza99q000nohg7djr2493",
                    "kacvjd9f069ahqhngcc1yfi_",
                    "kjj",
                    "lexysdcqgejdsre5t1q860_s",
                    "lykqgppfmn9kqzorwj3dinaeev0b",
                    "nhxfdvxzx2jhn_bwows5u31t",
                    "nxkbs3ajp2u8eko_7ie4k",
                    "prn8knrzsn_72igoksmioiunwnsje",
                    "rnn4wfxr_k4kluglwfrhv2wwzjks",
                    "s81_iszq5y4h6cwtk1ltzmj7",
                    "t4kdpf6id837hv5ppfgqjf70d",
                    "u13cm",
                    "ve0z6lbu0_03cq90m",
                    "vi2pr7gi5r2w9t0k7ylww5k8ht",
                    "wtip6o_uwo7",
                    "z1xipug_m_0tomhkzsn",
                    "zi0d8998iydq1wvyjc0ij6s150lkr5"
                ]
            ],
            "tag": "VCEnum"
        },
        {
            "contents": [
                "ih_sb_84iye0d3j9jkup8087",
                [
                    "blfg_hndzg0j3zmii8z_un_u",
                    "c80hognu8h0m",
                    "dm0ixy7impc42n47wj37iubf",
                    "glgu",
                    "grz0upxg5ja50hg",
                    "hne5jagebn",
                    "itfz6clq6ddh",
                    "kxh0b_ukadwa81zxg65",
                    "ld",
                    "np6_fr",
                    "s364pk6",
                    "shxqow9sxrzqfgx2m139j8xsbc",
                    "swm1hrp0rnkab0_39fbc",
                    "uhv53rlhkixuzaym",
                    "vx1uio4dyffb"
                ]
            ],
            "tag": "VCEnum"
        },
        {
            "contents": [
                "pqb",
                [
                    "be",
                    "crm5ctt24mqx",
                    "gbu5t52kdejuirk00",
                    "gv45rli",
                    "hzqzjhbyg4yemu8",
                    "ivhn3kgv21vmvh3d3bidlcqu4au5w",
                    "iw4",
                    "mn50tyqn62c020i7pxfjxetekl8",
                    "mz32gicgx",
                    "n43tgdzoyw3xi4lxpadvjrnwm",
                    "q_5qgi27o20sptfl3pzubn",
                    "qv73yz100la1d254cle_g",
                    "se0bx9uvi3_",
                    "sh5nohdiwc0iejls6ipkuz38",
                    "trtx0ymmg3",
                    "u_8z8ya_v",
                    "wexfz3_5egoarofwg_1qr95l38237s"
                ]
            ],
            "tag": "VCEnum"
        },
        {
            "contents": [
                "b4",
                [
                    "ccbc2pcd",
                    "eqms3th64ye8k",
                    "iz5vid7yc0eeh_9htogi60w8",
                    "md167_j",
                    "qrxsr",
                    "rx0moisr7z7sf1wg4dksz0n1u4risjg",
                    "x7wycnxamezgch8dzz9_vcv6w_om_",
                    "x_qslhn1",
                    "y38x3s7329fade80lfry93wcpl1",
                    "yl5fiwqqcq4suy",
                    "yuvdnn17a3dluui91p7w9nacsh8va",
                    "yw4x3kbzu4yobd",
                    "yx7uotkj1y58507nje8a7q5uz_sk"
                ]
            ],
            "tag": "VCEnum"
        },
        {
            "contents": [
                "uv1gsm",
                [
                    "a2p1foknkscmb8nf",
                    "jf7p7l90i5kc3ijxapoef5moc",
                    "p7xs"
                ]
            ],
            "tag": "VCEnum"
        }
    ],
    "seed": 1486571089
}