{
    "samples": [
        {
            "tag": "RowAbsent"
        },
        {
            "tag": "RowAbsent"
        },
        {
            "tag": "RowAbsent"
        },
        {
            "tag": "RowAbsent"
        },
        {
            "tag": "RowAbsent"
        }
    ],
    "seed": 1941087234
}