{
    "samples": [
        {
            "contents": "ydbn",
            "tag": "EnumNamespace"
        },
        {
            "contents": "lnugl",
            "tag": "EnumNamespace"
        },
        {
            "contents": "pqsuahq65ynsf",
            "tag": "EnumNamespace"
        },
        {
            "contents": "l8k605ific2llodsfdn88641i1d5ic",
            "tag": "EnumNamespace"
        },
        {
            "contents": "m0kj9cu",
            "tag": "EnumNamespace"
        }
    ],
    "seed": -821025707
}