{
    "samples": [
        {
            "contents": "nwclq2jfeke",
            "tag": "FunNamespace"
        },
        {
            "contents": "j_0g5olb9uumr5tkb",
            "tag": "FunNamespace"
        },
        {
            "contents": "kl4v05xrylj3rbznr08s6",
            "tag": "FunNamespace"
        },
        {
            "contents": "j585ea",
            "tag": "FunNamespace"
        },
        {
            "contents": "hu3c",
            "tag": "FunNamespace"
        }
    ],
    "seed": 1571496230
}