{
    "samples": [
        {
            "contents": "tipb5u8tjmankzq2wr71r",
            "tag": "ModuleNamespace"
        },
        {
            "contents": "cb1ag5",
            "tag": "ModuleNamespace"
        },
        {
            "contents": "v45vm424tkh1yq4yrcobqf1en9s713m",
            "tag": "ModuleNamespace"
        },
        {
            "contents": "dcvuomg14y3g0hyxiel0e2srjqy69",
            "tag": "ModuleNamespace"
        },
        {
            "contents": "f5mlt9w2qbumsnz6m",
            "tag": "ModuleNamespace"
        }
    ],
    "seed": -1878191093
}