{
    "samples": [
        {
            "contents": "knr",
            "tag": "OpNamespace"
        },
        {
            "contents": "yx7fjzftaqofckqpgxnwkf",
            "tag": "OpNamespace"
        },
        {
            "contents": "hcywd2mao",
            "tag": "OpNamespace"
        },
        {
            "contents": "q1bk_",
            "tag": "OpNamespace"
        },
        {
            "contents": "afrehg",
            "tag": "OpNamespace"
        }
    ],
    "seed": 19646859
}