{
    "samples": [
        {
            "contents": "tktt65rcv2_q2cmrus6p3h82k1yp",
            "tag": "TypeNamespace"
        },
        {
            "contents": "bkp2vudux57w",
            "tag": "TypeNamespace"
        },
        {
            "contents": "u20dga_wl",
            "tag": "TypeNamespace"
        },
        {
            "contents": "cc8zgubkzbqn6",
            "tag": "TypeNamespace"
        },
        {
            "contents": "myf75wqhywlol",
            "tag": "TypeNamespace"
        }
    ],
    "seed": -1591078721
}