{
    "samples": [
        "nsp89kshwibrf83lq2kd20uhecq",
        "yojo98hbsccanq1jmr65i9eb366ccm9",
        "nm",
        "n0wuj_erymw2c7nt96b4dd7zxyvfg6p",
        "n"
    ],
    "seed": -1370367363
}