{
    "samples": [
        "z6󲾷)粪wb󰼤􃋫􆢈+r\r\u0006Y8",
        "\u0016$\n=n\u0001j\u0007a󽆾Ⱘ(=2SM\u0006~𰮺b!􅈶\u001d",
        "\u0015^㟡󵈄\u0003Zx33\u0018y\u001a𘑨",
        "qO3稦𖤞XH\u0017-KN*\u000e\u0014􊷓e4\u001e􍖺𩴓e':鸠\u0013^",
        "𧾩8w%OEyTO獜􍢨\u001aB\u001aAS𤰦\u000b𗎾;\u0011\u0019/7\u0001\u00082\t\u0005𠃋"
    ],
    "seed": -983927073
}