{
    "samples": [
        "VCObjectPublic",
        "VCObjectPublic",
        "VCObjectPublic",
        "VCObjectPublic",
        "VCObjectPublic"
    ],
    "seed": 319571440
}