{
    "samples": [
        "VCObjectPrivate",
        "VCObjectPrivate",
        "VCObjectPrivate",
        "VCObjectPrivate",
        "VCObjectPrivate"
    ],
    "seed": 1049274447
}